1592524800
1592524800
1592524800
1592524800
1592524800
1592524800
1592524800
1592524800
1592524800
1592524800
1592524800
1592524800
1592524800
1592524800
1592524800
1592524800
1592524800
1592524800
1592524800
1592524800
1592524800
1592524800
1592524800
1592524800
1592524800
1592524800
1592524800
1592524800
1592524800
1592524800
1592524800
1592524800
1592524800
1592524800
1592524800
1592524800
1592524800
1592524800
1592524800
1592524800
1592524800
1592524800
1592524800
1592524800
1592524800
1592524800
1592524800
1592524800
1592524800
1592524800
