19168
142972
157616
563040
789048
53280
172800
134400
181392
316416
85384
193722
2120
51360
69120
1335780
88410
183936
215492
152520
261184
328320
1152540
135416
244080
282672
335896
570900
349920
